@hypothesis.strategies.composite
def strategy_not_in(draw) -> Tuple[List[int]]:
    lst = draw(hypothesis.strategies.lists(elements=hypothesis.strategies.integers()))
    hypothesis.assume((0 not in lst))
    return lst
