@hypothesis.strategies.composite
def strategy_universal_nested_1(draw) -> Tuple[List[List[int]]]:
    lst = draw(hypothesis.strategies.lists(
        elements=hypothesis.strategies.lists(
            elements=hypothesis.strategies.integers(
                min_value=1
            )
        )
    ))
    return lst