@hypothesis.strategies.composite
def strategy_existential_1(draw) -> Tuple[Set[int]]:
    a_set = draw(hypothesis.strategies.sets(elements=hypothesis.strategies.integers()))
    hypothesis.assume(any(((item <= 0) for item in a_set)))
    return a_set
