@hypothesis.strategies.composite
def strategy_universal_2(draw) -> Tuple[Set[str]]:
    a_set = draw(
        hypothesis.strategies.sets(
            elements=hypothesis.strategies.from_regex(regex=r"test")
        )
    )
    return a_set
