@hypothesis.strategies.composite
def strategy_universal_nested_link_2(draw) -> Tuple[Set[Set[Set[int]]]]:
    a_set = draw(
        hypothesis.strategies.sets(
            elements=hypothesis.strategies.sets(
                elements=hypothesis.strategies.sets(
                    elements=hypothesis.strategies.integers(), min_size=3
                )
            )
        )
    )
    return a_set
