@hypothesis.strategies.composite
def strategy_universal_filter_1(draw) -> Tuple[Set[str]]:
    a_set = draw(
        hypothesis.strategies.sets(
            elements=hypothesis.strategies.text().filter(lambda s: s.isidentifier())
        )
    )
    return a_set
