@hypothesis.strategies.composite
def strategy_base_islower(draw) -> Tuple[str]:
    s = draw(
        hypothesis.strategies.text(
            alphabet=hypothesis.strategies.characters(whitelist_categories=("Ll",))
        )
    )
    return s
