@hypothesis.strategies.composite
def strategy_base_isalnum(draw) -> Tuple[str]:
    s = draw(
        hypothesis.strategies.text(
            alphabet=hypothesis.strategies.characters(
                whitelist_categories=("Ll", "Lu", "Nd")
            )
        )
    )
    return s
