@hypothesis.strategies.composite
def strategy_base_isdigit(draw) -> Tuple[str]:
    s = draw(
        hypothesis.strategies.text(
            alphabet=hypothesis.strategies.characters(whitelist_categories=("Nd",))
        )
    )
    return s
