@hypothesis.strategies.composite
def strategy_base_isnumeric(draw) -> Tuple[str]:
    s = draw(
        hypothesis.strategies.text(
            alphabet=hypothesis.strategies.characters(
                whitelist_categories=("Nd", "Nl", "No")
            )
        )
    )
    return s
