@hypothesis.strategies.composite
def strategy_link_gt(draw) -> Tuple[str]:
    s = draw(hypothesis.strategies.text(min_size=101))
    return s
