@hypothesis.strategies.composite
def strategy_link_gte(draw) -> Tuple[str]:
    s = draw(hypothesis.strategies.text(min_size=100))
    return s
