@hypothesis.strategies.composite
def strategy_link_lt(draw) -> Tuple[str]:
    s = draw(hypothesis.strategies.text(max_size=99))
    return s
