@hypothesis.strategies.composite
def strategy_link_lte(draw) -> Tuple[str]:
    s = draw(hypothesis.strategies.text(max_size=100))
    return s
