@hypothesis.strategies.composite
def strategy_universal_link(draw) -> Tuple[str]:
    s = draw(hypothesis.strategies.text())
    hypothesis.assume(all(((len(set(list(line))) == len(line)) for line in s.split("\n"))))
    return s
