@hypothesis.strategies.composite
def strategy_base_3(draw) -> Tuple[int, int, int]:
    n2 = draw(hypothesis.strategies.integers(max_value=100))
    n3 = draw(hypothesis.strategies.integers(max_value=n2))
    n1 = draw(hypothesis.strategies.integers(min_value=max(1, n3), max_value=n2-1))
    return n1, n2, n3