@hypothesis.strategies.composite
def strategy_base_2(draw) -> Tuple[int, int, int, int]:
    n4 = draw(hypothesis.strategies.integers())
    n3 = draw(hypothesis.strategies.integers(max_value=(n4 - 1)))
    n2 = draw(
        hypothesis.strategies.integers(max_value=(n3 - 1)).filter(lambda n2: n2 >= 5)
    )
    n1 = draw(
        hypothesis.strategies.integers(max_value=min(99, (n4 - 1))).filter(
            lambda n2, n1: n1 >= (n2 + 1)
        )
    )
    return n1, n2, n3, n4
