@hypothesis.strategies.composite
def strategy_add_normal_class(draw) -> Tuple[Number, int]:
    number = draw(hypothesis.strategies.from_type(thing=Number))
    new_number = draw(hypothesis.strategies.integers())
    hypothesis.assume((number.number <= (1000 - new_number)))
    return number, new_number
