@hypothesis.strategies.composite
def strategy_add_dbc_class(draw) -> Tuple[NumberDBC, int]:
    number = draw(hypothesis.strategies.from_type(thing=NumberDBC))
    new_number = draw(hypothesis.strategies.integers())
    hypothesis.assume((number.number <= (1000 - new_number)))
    return number, new_number
