@hypothesis.strategies.composite
def strategy_base_startswith(draw) -> Tuple[str]:
    s = draw(hypothesis.strategies.from_regex(regex=r"^abc"))
    return s
