@hypothesis.strategies.composite
def strategy_base_startswith_endswith(draw) -> Tuple[str]:
    s = draw(
        hypothesis.strategies.from_regex(regex=r"(?=^abc)(?=.*xyz$)", fullmatch=True)
    )
    return s
